// Jest Snapshot v1, https://goo.gl/fbAQLP

exports[`Test on <GifItem.jsx /> should match with snapshot 1`] = `
<div>
  <div
    class="card"
  >
    <img
      alt="Death Note"
      src="https://www.deathnote.js/"
    />
    <p>
      Death Note
    </p>
  </div>
</div>
`;
